// Jest Snapshot v1, https://goo.gl/fbAQLP

exports[`Testing home component Home renders correctly 1`] = `
<div
  className="container"
>
  <h1
    className="home-title"
  >
    Welcome to our page!
  </h1>
  <p
    className="home-pg"
  >
    Lorem ipsum dolor sit amet consectetur adipisicing elit. Libero voluptatibus, recusandae, temporibus dignissimos ullam porro earum repellendus explicabo esse officiis ratione nulla vero aliquam nisi molestias placeat, duci mus quos nobis.
  </p>
  <p
    className="home-pg"
  >
    Lorem ipsum dolor sit amet consectetur adipisicing elit. Libero voluptatibus, recusandae, temporibus dignissimos ullam porro earum repellendus explicabo esse officiis ratione nulla vero aliquam nisi molestias placeat, duci mus quos nobis.
  </p>
</div>
`;

exports[`renders correctly 1`] = `
<div
  className="container"
>
  <h1
    className="home-title"
  >
    Welcome to our page!
  </h1>
  <p
    className="home-pg"
  >
    Lorem ipsum dolor sit amet consectetur adipisicing elit. Libero voluptatibus, recusandae, temporibus dignissimos ullam porro earum repellendus explicabo esse officiis ratione nulla vero aliquam nisi molestias placeat, duci mus quos nobis.
  </p>
  <p
    className="home-pg"
  >
    Lorem ipsum dolor sit amet consectetur adipisicing elit. Libero voluptatibus, recusandae, temporibus dignissimos ullam porro earum repellendus explicabo esse officiis ratione nulla vero aliquam nisi molestias placeat, duci mus quos nobis.
  </p>
</div>
`;
